// Jest Snapshot v1, https://goo.gl/fbAQLP

exports[`renders correctly when there are no changes 1`] = `
<div
  className="App"
>
  <h1
    className="Header"
  >
    React Wars
  </h1>
  <div
    className="char-list"
  />
</div>
`;
